// Jest Snapshot v1, https://goo.gl/fbAQLP

exports[`[CountDown] should render component without crashing 1`] = `
<ContextConsumer>
  <Component />
</ContextConsumer>
`;
