// Jest Snapshot v1, https://goo.gl/fbAQLP

exports[`[StarsRating] should render component without crashing 1`] = `
<div
  className="stars-rating"
/>
`;
