// Jest Snapshot v1, https://goo.gl/fbAQLP

exports[`[MobileFilter] should render component without crashing 1`] = `
<component
  filterItems={
    Array [
      Object {
        "hasSearchBar": true,
        "isSingleSelection": true,
        "items": Array [
          "Alphabetically",
          "Order",
        ],
        "selectedItems": Array [
          "Alphabetically",
        ],
        "title": "Sorteren",
      },
      Object {
        "hasSearchBar": true,
        "items": Array [
          "Nu geldig",
          "Bijna verlopen",
          "Lorem Ipsum",
        ],
        "searchBarPlaceholder": "Search in Status",
        "selectedItems": Array [],
        "title": "Status",
      },
      Object {
        "hasSearchBar": true,
        "items": Array [
          "Eletronics",
          "Fitness",
          "Music",
          "House and garden",
        ],
        "searchBarPlaceholder": "Search in Categories",
        "selectedItems": Array [],
        "title": "Categorie",
      },
      Object {
        "hasSearchBar": true,
        "items": Array [
          "Nike",
          "Adidas",
          "Reebok",
          "New Balance",
        ],
        "searchBarPlaceholder": "Search in Brands",
        "selectedItems": Array [],
        "title": "Merk",
      },
    ]
  }
  intl={
    Object {
      "defaultFormats": Object {},
      "defaultLocale": "en",
      "formatDate": [Function],
      "formatHTMLMessage": [Function],
      "formatMessage": [Function],
      "formatNumber": [Function],
      "formatPlural": [Function],
      "formatRelative": [Function],
      "formatTime": [Function],
      "formats": Object {},
      "formatters": Object {
        "getDateTimeFormat": [Function],
        "getMessageFormat": [Function],
        "getNumberFormat": [Function],
        "getPluralFormat": [Function],
        "getRelativeFormat": [Function],
      },
      "locale": "en",
      "messages": Object {},
      "now": [Function],
      "onError": [Function],
      "textComponent": "span",
      "timeZone": null,
    }
  }
  onClear={[Function]}
  onFinish={[Function]}
  screenSize={
    Object {
      "breakpointPixels": 960,
      "viewType": 3,
    }
  }
  totalStores={0}
/>
`;
