// Jest Snapshot v1, https://goo.gl/fbAQLP

exports[`[KeywordTag] should render component without crashing 1`] = `
<div
  className="keyword-tag"
>
  <LinkComponent
    to="/stores-overview"
  >
     Tag Content 
  </LinkComponent>
</div>
`;
