// Jest Snapshot v1, https://goo.gl/fbAQLP

exports[`[homepageHeader] should render component without crashing 1`] = `
<ContextConsumer>
  <Component />
</ContextConsumer>
`;
