// Jest Snapshot v1, https://goo.gl/fbAQLP

exports[`[StarsRating] should render component without crashing 1`] = `
<div
  className="usp"
  id="uspHolder"
>
  <div
    className="usp__item"
    key="0"
    style={
      Object {
        "display": "flex",
        "opacity": 0,
      }
    }
  >
    <Link
      className="usp__link"
      to="./stores-overview"
    >
      <IconComponent
        fillColor="#777"
        icon="https://viper-development-images.s3-eu-west-1.amazonaws.com/blackFriday/footerIcons/shop.svg"
        size="14px"
      />
      <span
        style={
          Object {
            "marginLeft": "10px",
          }
        }
      >
        Overzicht van Ã¡lle black friday winkels
      </span>
    </Link>
  </div>
  <div
    className="usp__item"
    key="1"
    style={
      Object {
        "display": "flex",
        "opacity": 0,
      }
    }
  >
    <Link
      className="usp__link"
      to="./deals-overview"
    >
      <IconComponent
        fillColor="#777"
        icon="https://viper-development-images.s3-eu-west-1.amazonaws.com/blackFriday/footerIcons/clock.svg"
        size="14px"
      />
      <span
        style={
          Object {
            "marginLeft": "10px",
          }
        }
      >
        Altijd up-to-date van de laatste deals
      </span>
    </Link>
  </div>
  <div
    className="usp__item"
    key="2"
    style={
      Object {
        "display": "flex",
        "opacity": 0,
      }
    }
  >
    <Link
      className="usp__link"
      to="./"
    >
      <IconComponent
        fillColor="#777"
        icon="https://viper-development-images.s3-eu-west-1.amazonaws.com/blackFriday/footerIcons/megaphone.svg"
        size="14px"
      />
      <span
        style={
          Object {
            "marginLeft": "10px",
          }
        }
      >
        Mis niets van Black Friday 2019
      </span>
    </Link>
  </div>
</div>
`;
